ATS version 1.6.0_8d11cb0c, Amanzi version 1.7-dev_bc2aebf55
======================================================================================================
ATS                |  Writing input file ...
ATS                |  
ATS                |  <ParameterList name="ANONYMOUS">
ATS                |    <ParameterList id="14" name="mesh">
ATS                |      <ParameterList id="5" name="domain">
ATS                |        <Parameter docString="" id="0" isDefault="false" isUsed="true" name="mesh type" type="string" value="read mesh file"/>
ATS                |        <Parameter docString="" id="1" isDefault="false" isUsed="true" name="build columns from set" type="string" value="surface"/>
ATS                |        <ParameterList id="4" name="read mesh file parameters">
ATS                |          <Parameter docString="" id="2" isDefault="false" isUsed="true" name="file" type="string" value="../../shared/hillslope_mesh.exo"/>
ATS                |          <Parameter docString="" id="3" isDefault="false" isUsed="true" name="format" type="string" value="Exodus II"/>
ATS                |        </ParameterList>
ATS                |      </ParameterList>
ATS                |      <ParameterList id="9" name="surface">
ATS                |        <Parameter docString="" id="6" isDefault="false" isUsed="true" name="mesh type" type="string" value="surface"/>
ATS                |        <ParameterList id="8" name="surface parameters">
ATS                |          <Parameter docString="" id="7" isDefault="false" isUsed="true" name="surface sideset name" type="string" value="surface"/>
ATS                |        </ParameterList>
ATS                |      </ParameterList>
ATS                |      <ParameterList id="13" name="snow">
ATS                |        <Parameter docString="" id="10" isDefault="false" isUsed="true" name="mesh type" type="string" value="aliased"/>
ATS                |        <ParameterList id="12" name="aliased parameters">
ATS                |          <Parameter docString="" id="11" isDefault="false" isUsed="true" name="target" type="string" value="surface"/>
ATS                |        </ParameterList>
ATS                |      </ParameterList>
ATS                |    </ParameterList>
ATS                |    <ParameterList id="43" name="regions">
ATS                |      <ParameterList id="16" name="computational domain">
ATS                |        <ParameterList id="15" name="region: all"/>
ATS                |      </ParameterList>
ATS                |      <ParameterList id="18" name="surface domain">
ATS                |        <ParameterList id="17" name="region: all"/>
ATS                |      </ParameterList>
ATS                |      <ParameterList id="24" name="surface">
ATS                |        <ParameterList id="23" name="region: labeled set">
ATS                |          <Parameter docString="" id="19" isDefault="false" isUsed="true" name="label" type="string" value="2"/>
ATS                |          <Parameter docString="" id="20" isDefault="false" isUsed="true" name="file" type="string" value="../../shared/hillslope_mesh.exo"/>
ATS                |          <Parameter docString="" id="21" isDefault="false" isUsed="true" name="format" type="string" value="Exodus II"/>
ATS                |          <Parameter docString="" id="22" isDefault="false" isUsed="true" name="entity" type="string" value="Face"/>
ATS                |        </ParameterList>
ATS                |      </ParameterList>
ATS                |      <ParameterList id="30" name="bottom face">
ATS                |        <ParameterList id="29" name="region: labeled set">
ATS                |          <Parameter docString="" id="25" isDefault="false" isUsed="true" name="label" type="string" value="1"/>
ATS                |          <Parameter docString="" id="26" isDefault="false" isUsed="true" name="file" type="string" value="../../shared/hillslope_mesh.exo"/>
ATS                |          <Parameter docString="" id="27" isDefault="false" isUsed="true" name="format" type="string" value="Exodus II"/>
ATS                |          <Parameter docString="" id="28" isDefault="false" isUsed="true" name="entity" type="string" value="Face"/>
ATS                |        </ParameterList>
ATS                |      </ParameterList>
ATS                |      <ParameterList id="34" name="outlet">
ATS                |        <ParameterList id="33" name="region: plane">
ATS                |          <Parameter docString="" id="31" isDefault="false" isUsed="true" name="point" type="Array(double)" value="{1.00000000000000000e+03, 0.00000000000000000e+00}"/>
ATS                |          <Parameter docString="" id="32" isDefault="false" isUsed="true" name="normal" type="Array(double)" value="{1.00000000000000000e+00, 0.00000000000000000e+00}"/>
ATS                |        </ParameterList>
ATS                |      </ParameterList>
ATS                |      <ParameterList id="38" name="evergreen forest">
ATS                |        <ParameterList id="37" name="region: box">
ATS                |          <Parameter docString="" id="35" isDefault="false" isUsed="true" name="low coordinate" type="Array(double)" value="{0.00000000000000000e+00, 0.00000000000000000e+00}"/>
ATS                |          <Parameter docString="" id="36" isDefault="false" isUsed="true" name="high coordinate" type="Array(double)" value="{2.00000000000000000e+02, 1.00000000000000000e+01}"/>
ATS                |        </ParameterList>
ATS                |      </ParameterList>
ATS                |      <ParameterList id="42" name="grassy meadow">
ATS                |        <ParameterList id="41" name="region: box">
ATS                |          <Parameter docString="" id="39" isDefault="false" isUsed="true" name="low coordinate" type="Array(double)" value="{2.00000000000000000e+02, 0.00000000000000000e+00}"/>
ATS                |          <Parameter docString="" id="40" isDefault="false" isUsed="true" name="high coordinate" type="Array(double)" value="{5.00000000000000000e+02, 1.00000000000000000e+01}"/>
ATS                |        </ParameterList>
ATS                |      </ParameterList>
ATS                |    </ParameterList>
ATS                |    <ParameterList id="64" name="cycle driver">
ATS                |      <Parameter docString="" id="44" isDefault="false" isUsed="true" name="start time" type="double" value="3.28000000000000000e+02"/>
ATS                |      <Parameter docString="" id="45" isDefault="false" isUsed="true" name="start time units" type="string" value="d"/>
ATS                |      <Parameter docString="" id="46" isDefault="false" isUsed="true" name="end time" type="double" value="6.39000000000000000e+02"/>
ATS                |      <Parameter docString="" id="47" isDefault="false" isUsed="true" name="end time units" type="string" value="d"/>
ATS                |      <Parameter docString="" id="48" isDefault="false" isUsed="true" name="end cycle" type="int" value="10000"/>
ATS                |      <Parameter docString="" id="49" isDefault="false" isUsed="true" name="max time step size [s]" type="double" value="8.64000000000000000e+04"/>
ATS                |      <ParameterList id="52" name="required times">
ATS                |        <Parameter docString="" id="50" isDefault="false" isUsed="true" name="times start period stop" type="Array(double)" value="{0.00000000000000000e+00, 1.00000000000000000e+00, -1.00000000000000000e+00}"/>
ATS                |        <Parameter docString="" id="51" isDefault="false" isUsed="true" name="times start period stop units" type="string" value="d"/>
ATS                |      </ParameterList>
ATS                |      <ParameterList id="63" name="PK tree">
ATS                |        <ParameterList id="62" name="water balance">
ATS                |          <Parameter docString="" id="53" isDefault="false" isUsed="true" name="PK type" type="string" value="weak MPC"/>
ATS                |          <ParameterList id="55" name="snow storage">
ATS                |            <Parameter docString="" id="54" isDefault="false" isUsed="true" name="PK type" type="string" value="general surface balance"/>
ATS                |          </ParameterList>
ATS                |          <ParameterList id="61" name="surface-subsurface coupler">
ATS                |            <Parameter docString="" id="56" isDefault="false" isUsed="true" name="PK type" type="string" value="coupled water"/>
ATS                |            <ParameterList id="58" name="flow">
ATS                |              <Parameter docString="" id="57" isDefault="false" isUsed="true" name="PK type" type="string" value="richards flow"/>
ATS                |            </ParameterList>
ATS                |            <ParameterList id="60" name="overland flow">
ATS                |              <Parameter docString="" id="59" isDefault="false" isUsed="true" name="PK type" type="string" value="overland flow, pressure basis"/>
ATS                |            </ParameterList>
ATS                |          </ParameterList>
ATS                |        </ParameterList>
ATS                |      </ParameterList>
ATS                |    </ParameterList>
ATS                |    <ParameterList id="180" name="PKs">
ATS                |      <ParameterList id="67" name="water balance">
ATS                |        <Parameter docString="" id="65" isDefault="false" isUsed="true" name="PK type" type="string" value="weak MPC"/>
ATS                |        <Parameter docString="" id="66" isDefault="false" isUsed="true" name="PKs order" type="Array(string)" value="{snow storage, surface-subsurface coupler}"/>
ATS                |      </ParameterList>
ATS                |      <ParameterList id="102" name="snow storage">
ATS                |        <Parameter docString="" id="68" isDefault="false" isUsed="true" name="PK type" type="string" value="general surface balance"/>
ATS                |        <Parameter docString="" id="69" isDefault="false" isUsed="true" name="primary variable key" type="string" value="snow-water_equivalent"/>
ATS                |        <Parameter docString="" id="70" isDefault="false" isUsed="true" name="conserved quantity key" type="string" value="snow-water_content"/>
ATS                |        <Parameter docString="" id="71" isDefault="false" isUsed="true" name="domain name" type="string" value="snow"/>
ATS                |        <Parameter docString="" id="72" isDefault="false" isUsed="true" name="source term" type="bool" value="true"/>
ATS                |        <Parameter docString="" id="73" isDefault="false" isUsed="true" name="source key" type="string" value="snow-source"/>
ATS                |        <Parameter docString="" id="74" isDefault="false" isUsed="true" name="modify predictor positivity preserving" type="bool" value="true"/>
ATS                |        <ParameterList id="76" name="initial conditions">
ATS                |          <Parameter docString="" id="75" isDefault="false" isUsed="true" name="value" type="double" value="0.00000000000000000e+00"/>
ATS                |        </ParameterList>
ATS                |        <ParameterList id="78" name="inverse">
ATS                |          <Parameter docString="" id="77" isDefault="false" isUsed="true" name="preconditioning method" type="string" value="block ilu"/>
ATS                |        </ParameterList>
ATS                |        <ParameterList id="101" name="time integrator">
ATS                |          <Parameter docString="" id="79" isDefault="false" isUsed="true" name="extrapolate initial guess" type="bool" value="true"/>
ATS                |          <Parameter docString="" id="80" isDefault="false" isUsed="true" name="solver type" type="string" value="nka_bt_ats"/>
ATS                |          <Parameter docString="" id="81" isDefault="false" isUsed="true" name="timestep controller type" type="string" value="smarter"/>
ATS                |          <ParameterList id="90" name="nka_bt_ats parameters">
ATS                |            <Parameter docString="" id="82" isDefault="false" isUsed="true" name="nka lag iterations" type="int" value="2"/>
ATS                |            <Parameter docString="" id="83" isDefault="false" isUsed="true" name="max backtrack steps" type="int" value="5"/>
ATS                |            <Parameter docString="" id="84" isDefault="false" isUsed="true" name="backtrack lag" type="int" value="0"/>
ATS                |            <Parameter docString="" id="85" isDefault="false" isUsed="true" name="backtrack factor" type="double" value="5.00000000000000000e-01"/>
ATS                |            <Parameter docString="" id="86" isDefault="false" isUsed="true" name="backtrack tolerance" type="double" value="1.00000000000000005e-04"/>
ATS                |            <Parameter docString="" id="87" isDefault="false" isUsed="true" name="nonlinear tolerance" type="double" value="9.99999999999999955e-07"/>
ATS                |            <Parameter docString="" id="88" isDefault="false" isUsed="true" name="diverged tolerance" type="double" value="1.00000000000000000e+06"/>
ATS                |            <Parameter docString="" id="89" isDefault="false" isUsed="true" name="limit iterations" type="int" value="21"/>
ATS                |          </ParameterList>
ATS                |          <ParameterList id="100" name="timestep controller smarter parameters">
ATS                |            <Parameter docString="" id="91" isDefault="false" isUsed="true" name="max iterations" type="int" value="18"/>
ATS                |            <Parameter docString="" id="92" isDefault="false" isUsed="true" name="min iterations" type="int" value="10"/>
ATS                |            <Parameter docString="" id="93" isDefault="false" isUsed="true" name="timestep reduction factor" type="double" value="5.00000000000000000e-01"/>
ATS                |            <Parameter docString="" id="94" isDefault="false" isUsed="true" name="timestep increase factor" type="double" value="2.00000000000000000e+00"/>
ATS                |            <Parameter docString="" id="95" isDefault="false" isUsed="true" name="max timestep" type="double" value="1.00000000000000000e+07"/>
ATS                |            <Parameter docString="" id="96" isDefault="false" isUsed="true" name="min timestep" type="double" value="1.00000000000000004e-10"/>
ATS                |            <Parameter docString="" id="97" isDefault="false" isUsed="true" name="growth wait after fail" type="int" value="2"/>
ATS                |            <Parameter docString="" id="98" isDefault="false" isUsed="true" name="count before increasing increase factor" type="int" value="2"/>
ATS                |            <Parameter docString="" id="99" isDefault="false" isUsed="true" name="initial timestep [s]" type="double" value="8.64000000000000000e+04"/>
ATS                |          </ParameterList>
ATS                |        </ParameterList>
ATS                |      </ParameterList>
ATS                |      <ParameterList id="145" name="surface-subsurface coupler">
ATS                |        <Parameter docString="" id="103" isDefault="false" isUsed="true" name="PK type" type="string" value="coupled water"/>
ATS                |        <Parameter docString="" id="104" isDefault="false" isUsed="true" name="PKs order" type="Array(string)" value="{flow, overland flow}"/>
ATS                |        <ParameterList id="108" name="water delegate">
ATS                |          <Parameter docString="" id="105" isDefault="false" isUsed="true" name="modify predictor damp and cap the water spurt" type="bool" value="true"/>
ATS                |          <Parameter docString="" id="106" isDefault="false" isUsed="true" name="damp and cap the water spurt" type="bool" value="true"/>
ATS                |          <Parameter docString="" id="107" isDefault="false" isUsed="true" name="cap over atmospheric" type="double" value="1.00000000000000002e-03"/>
ATS                |        </ParameterList>
ATS                |        <ParameterList id="121" name="inverse">
ATS                |          <Parameter docString="" id="109" isDefault="false" isUsed="true" name="preconditioning method" type="string" value="boomer amg"/>
ATS                |          <Parameter docString="" id="110" isDefault="false" isUsed="true" name="iterative method" type="string" value="gmres"/>
ATS                |          <ParameterList id="115" name="boomer amg parameters">
ATS                |            <Parameter docString="" id="111" isDefault="false" isUsed="true" name="cycle iterations" type="int" value="1"/>
ATS                |            <Parameter docString="" id="112" isDefault="false" isUsed="true" name="smoother sweeps" type="int" value="1"/>
ATS                |            <Parameter docString="" id="113" isDefault="false" isUsed="true" name="strong threshold" type="double" value="8.49999999999999978e-01"/>
ATS                |            <Parameter docString="" id="114" isDefault="false" isUsed="true" name="tolerance" type="double" value="0.00000000000000000e+00"/>
ATS                |          </ParameterList>
ATS                |          <ParameterList id="120" name="gmres parameters">
ATS                |            <Parameter docString="" id="116" isDefault="false" isUsed="true" name="preconditioning strategy" type="string" value="left"/>
ATS                |            <Parameter docString="" id="117" isDefault="false" isUsed="true" name="error tolerance" type="double" value="9.99999999999999955e-07"/>
ATS                |            <Parameter docString="" id="118" isDefault="false" isUsed="true" name="convergence criteria" type="Array(string)" value="{relative residual, make one iteration}"/>
ATS                |            <Parameter docString="" id="119" isDefault="false" isUsed="true" name="maximum number of iteration" type="int" value="80"/>
ATS                |          </ParameterList>
ATS                |        </ParameterList>
ATS                |        <ParameterList id="144" name="time integrator">
ATS                |          <Parameter docString="" id="122" isDefault="false" isUsed="true" name="extrapolate initial guess" type="bool" value="true"/>
ATS                |          <Parameter docString="" id="123" isDefault="false" isUsed="true" name="solver type" type="string" value="nka_bt_ats"/>
ATS                |          <Parameter docString="" id="124" isDefault="false" isUsed="true" name="timestep controller type" type="string" value="smarter"/>
ATS                |          <ParameterList id="133" name="nka_bt_ats parameters">
ATS                |            <Parameter docString="" id="125" isDefault="false" isUsed="true" name="nka lag iterations" type="int" value="2"/>
ATS                |            <Parameter docString="" id="126" isDefault="false" isUsed="true" name="max backtrack steps" type="int" value="5"/>
ATS                |            <Parameter docString="" id="127" isDefault="false" isUsed="true" name="backtrack lag" type="int" value="0"/>
ATS                |            <Parameter docString="" id="128" isDefault="false" isUsed="true" name="backtrack factor" type="double" value="5.00000000000000000e-01"/>
ATS                |            <Parameter docString="" id="129" isDefault="false" isUsed="true" name="backtrack tolerance" type="double" value="1.00000000000000005e-04"/>
ATS                |            <Parameter docString="" id="130" isDefault="false" isUsed="true" name="nonlinear tolerance" type="double" value="9.99999999999999955e-07"/>
ATS                |            <Parameter docString="" id="131" isDefault="false" isUsed="true" name="diverged tolerance" type="double" value="1.00000000000000000e+06"/>
ATS                |            <Parameter docString="" id="132" isDefault="false" isUsed="true" name="limit iterations" type="int" value="21"/>
ATS                |          </ParameterList>
ATS                |          <ParameterList id="143" name="timestep controller smarter parameters">
ATS                |            <Parameter docString="" id="134" isDefault="false" isUsed="true" name="max iterations" type="int" value="18"/>
ATS                |            <Parameter docString="" id="135" isDefault="false" isUsed="true" name="min iterations" type="int" value="10"/>
ATS                |            <Parameter docString="" id="136" isDefault="false" isUsed="true" name="timestep reduction factor" type="double" value="5.00000000000000000e-01"/>
ATS                |            <Parameter docString="" id="137" isDefault="false" isUsed="true" name="timestep increase factor" type="double" value="2.00000000000000000e+00"/>
ATS                |            <Parameter docString="" id="138" isDefault="false" isUsed="true" name="max timestep" type="double" value="1.00000000000000000e+07"/>
ATS                |            <Parameter docString="" id="139" isDefault="false" isUsed="true" name="min timestep" type="double" value="1.00000000000000004e-10"/>
ATS                |            <Parameter docString="" id="140" isDefault="false" isUsed="true" name="growth wait after fail" type="int" value="2"/>
ATS                |            <Parameter docString="" id="141" isDefault="false" isUsed="true" name="count before increasing increase factor" type="int" value="2"/>
ATS                |            <Parameter docString="" id="142" isDefault="false" isUsed="true" name="initial timestep [s]" type="double" value="8.64000000000000000e+04"/>
ATS                |          </ParameterList>
ATS                |        </ParameterList>
ATS                |      </ParameterList>
ATS                |      <ParameterList id="160" name="flow">
ATS                |        <Parameter docString="" id="146" isDefault="false" isUsed="true" name="PK type" type="string" value="richards flow"/>
ATS                |        <Parameter docString="" id="147" isDefault="false" isUsed="true" name="primary variable key" type="string" value="pressure"/>
ATS                |        <Parameter docString="" id="148" isDefault="false" isUsed="true" name="source term" type="bool" value="true"/>
ATS                |        <Parameter docString="" id="149" isDefault="false" isUsed="true" name="source key" type="string" value="water_source"/>
ATS                |        <Parameter docString="" id="150" isDefault="false" isUsed="true" name="permeability rescaling" type="double" value="1.00000000000000000e+07"/>
ATS                |        <Parameter docString="" id="151" isDefault="false" isUsed="true" name="surface rel perm strategy" type="string" value="clobber"/>
ATS                |        <Parameter docString="" id="152" isDefault="false" isUsed="true" name="relative permeability method" type="string" value="upwind with Darcy flux"/>
ATS                |        <ParameterList id="154" name="diffusion">
ATS                |          <Parameter docString="" id="153" isDefault="false" isUsed="true" name="discretization primary" type="string" value="mfd: two-point flux approximation"/>
ATS                |        </ParameterList>
ATS                |        <ParameterList id="156" name="diffusion preconditioner">
ATS                |          <Parameter docString="" id="155" isDefault="false" isUsed="true" name="include Newton correction" type="bool" value="true"/>
ATS                |        </ParameterList>
ATS                |        <ParameterList id="157" name="boundary conditions"/>
ATS                |        <ParameterList id="159" name="initial conditions">
ATS                |          <Parameter docString="" id="158" isDefault="false" isUsed="true" name="restart file" type="string" value="../../01_integrated_flow/spinup/checkpoint_final-np1.h5"/>
ATS                |        </ParameterList>
ATS                |      </ParameterList>
ATS                |      <ParameterList id="179" name="overland flow">
ATS                |        <Parameter docString="" id="161" isDefault="false" isUsed="true" name="PK type" type="string" value="overland flow, pressure basis"/>
ATS                |        <Parameter docString="" id="162" isDefault="false" isUsed="true" name="primary variable key" type="string" value="surface-pressure"/>
ATS                |        <Parameter docString="" id="163" isDefault="false" isUsed="true" name="domain name" type="string" value="surface"/>
ATS                |        <Parameter docString="" id="164" isDefault="false" isUsed="true" name="source term" type="bool" value="true"/>
ATS                |        <Parameter docString="" id="165" isDefault="false" isUsed="true" name="water source in meters" type="bool" value="true"/>
ATS                |        <ParameterList id="167" name="diffusion">
ATS                |          <Parameter docString="" id="166" isDefault="false" isUsed="true" name="discretization primary" type="string" value="fv: default"/>
ATS                |        </ParameterList>
ATS                |        <ParameterList id="169" name="diffusion preconditioner">
ATS                |          <Parameter docString="" id="168" isDefault="false" isUsed="true" name="include Newton correction" type="bool" value="true"/>
ATS                |        </ParameterList>
ATS                |        <ParameterList id="176" name="boundary conditions">
ATS                |          <ParameterList id="175" name="seepage face head">
ATS                |            <ParameterList id="174" name="surface">
ATS                |              <Parameter docString="" id="170" isDefault="false" isUsed="true" name="regions" type="Array(string)" value="{outlet}"/>
ATS                |              <ParameterList id="173" name="boundary head">
ATS                |                <ParameterList id="172" name="function-constant">
ATS                |                  <Parameter docString="" id="171" isDefault="false" isUsed="true" name="value" type="double" value="0.00000000000000000e+00"/>
ATS                |                </ParameterList>
ATS                |              </ParameterList>
ATS                |            </ParameterList>
ATS                |          </ParameterList>
ATS                |        </ParameterList>
ATS                |        <ParameterList id="178" name="initial conditions">
ATS                |          <Parameter docString="" id="177" isDefault="false" isUsed="true" name="restart file" type="string" value="../../01_integrated_flow/spinup/checkpoint_final-np1.h5"/>
ATS                |        </ParameterList>
ATS                |      </ParameterList>
ATS                |    </ParameterList>
ATS                |    <ParameterList id="442" name="state">
ATS                |      <ParameterList id="417" name="evaluators">
ATS                |        <ParameterList id="183" name="water_content">
ATS                |          <Parameter docString="" id="181" isDefault="false" isUsed="true" name="evaluator type" type="string" value="richards water content"/>
ATS                |          <Parameter docString="" id="182" isDefault="false" isUsed="true" name="units" type="string" value="mol"/>
ATS                |        </ParameterList>
ATS                |        <ParameterList id="186" name="surface-ponded_depth">
ATS                |          <Parameter docString="" id="184" isDefault="false" isUsed="true" name="evaluator type" type="string" value="ponded depth"/>
ATS                |          <Parameter docString="" id="185" isDefault="false" isUsed="true" name="units" type="string" value="m"/>
ATS                |        </ParameterList>
ATS                |        <ParameterList id="189" name="surface-water_content">
ATS                |          <Parameter docString="" id="187" isDefault="false" isUsed="true" name="evaluator type" type="string" value="overland pressure water content"/>
ATS                |          <Parameter docString="" id="188" isDefault="false" isUsed="true" name="units" type="string" value="mol"/>
ATS                |        </ParameterList>
ATS                |        <ParameterList id="192" name="capillary_pressure_gas_liq">
ATS                |          <Parameter docString="" id="190" isDefault="false" isUsed="true" name="evaluator type" type="string" value="capillary pressure, atmospheric gas over liquid"/>
ATS                |          <Parameter docString="" id="191" isDefault="false" isUsed="true" name="units" type="string" value="Pa"/>
ATS                |        </ParameterList>
ATS                |        <ParameterList id="196" name="snow-water_content">
ATS                |          <Parameter docString="" id="193" isDefault="false" isUsed="true" name="evaluator type" type="string" value="multiplicative evaluator"/>
ATS                |          <Parameter docString="" id="194" isDefault="false" isUsed="true" name="dependencies" type="Array(string)" value="{snow-cell_volume, snow-water_equivalent, surface-molar_density_liquid}"/>
ATS                |          <Parameter docString="" id="195" isDefault="false" isUsed="true" name="units" type="string" value="mol"/>
ATS                |        </ParameterList>
ATS                |        <ParameterList id="200" name="snow-source">
ATS                |          <Parameter docString="" id="197" isDefault="false" isUsed="true" name="evaluator type" type="string" value="multiplicative evaluator"/>
ATS                |          <Parameter docString="" id="198" isDefault="false" isUsed="true" name="dependencies" type="Array(string)" value="{snow-source_mps, surface-molar_density_liquid}"/>
ATS                |          <Parameter docString="" id="199" isDefault="false" isUsed="true" name="units" type="string" value="mol m^-2 s^-1"/>
ATS                |        </ParameterList>
ATS                |        <ParameterList id="205" name="snow-source_mps">
ATS                |          <Parameter docString="" id="201" isDefault="false" isUsed="true" name="evaluator type" type="string" value="additive evaluator"/>
ATS                |          <Parameter docString="" id="202" isDefault="false" isUsed="true" name="dependencies" type="Array(string)" value="{snow-precipitation, snow-melt}"/>
ATS                |          <Parameter docString="" id="203" isDefault="false" isUsed="true" name="snow-melt coefficient" type="double" value="-1.00000000000000000e+00"/>
ATS                |          <Parameter docString="" id="204" isDefault="false" isUsed="true" name="units" type="string" value="m s^-1"/>
ATS                |        </ParameterList>
ATS                |        <ParameterList id="209" name="snow-melt">
ATS                |          <Parameter docString="" id="206" isDefault="false" isUsed="true" name="evaluator type" type="string" value="snow melt rate"/>
ATS                |          <Parameter docString="" id="207" isDefault="false" isUsed="true" name="snow melt rate [mm day^-1 C^-1]" type="double" value="2.74000000000000021e+00"/>
ATS                |          <Parameter docString="" id="208" isDefault="false" isUsed="true" name="units" type="string" value="m s^-1"/>
ATS                |        </ParameterList>
ATS                |        <ParameterList id="222" name="snow-precipitation">
ATS                |          <Parameter docString="" id="210" isDefault="false" isUsed="true" name="evaluator type" type="string" value="independent variable"/>
ATS                |          <Parameter docString="" id="211" isDefault="false" isUsed="true" name="units" type="string" value="m s^-1"/>
ATS                |          <ParameterList id="221" name="function">
ATS                |            <ParameterList id="220" name="domain">
ATS                |              <Parameter docString="" id="212" isDefault="false" isUsed="true" name="region" type="string" value="surface domain"/>
ATS                |              <Parameter docString="" id="213" isDefault="false" isUsed="true" name="component" type="string" value="cell"/>
ATS                |              <ParameterList id="219" name="function">
ATS                |                <ParameterList id="218" name="function-tabular">
ATS                |                  <Parameter docString="" id="214" isDefault="false" isUsed="true" name="file" type="string" value="../data/daymet.h5"/>
ATS                |                  <Parameter docString="" id="215" isDefault="false" isUsed="true" name="x header" type="string" value="time [s]"/>
ATS                |                  <Parameter docString="" id="216" isDefault="false" isUsed="true" name="y header" type="string" value="precipitation snow [m SWE s^-1]"/>
ATS                |                  <Parameter docString="" id="217" isDefault="false" isUsed="true" name="forms" type="string" value="constant"/>
ATS                |                </ParameterList>
ATS                |              </ParameterList>
ATS                |            </ParameterList>
ATS                |          </ParameterList>
ATS                |        </ParameterList>
ATS                |        <ParameterList id="226" name="surface-water_source">
ATS                |          <Parameter docString="" id="223" isDefault="false" isUsed="true" name="evaluator type" type="string" value="additive evaluator"/>
ATS                |          <Parameter docString="" id="224" isDefault="false" isUsed="true" name="dependencies" type="Array(string)" value="{snow-melt, surface-precipitation_rain}"/>
ATS                |          <Parameter docString="" id="225" isDefault="false" isUsed="true" name="units" type="string" value="m s^-1"/>
ATS                |        </ParameterList>
ATS                |        <ParameterList id="239" name="surface-precipitation_rain">
ATS                |          <Parameter docString="" id="227" isDefault="false" isUsed="true" name="evaluator type" type="string" value="independent variable"/>
ATS                |          <Parameter docString="" id="228" isDefault="false" isUsed="true" name="units" type="string" value="m s^-1"/>
ATS                |          <ParameterList id="238" name="function">
ATS                |            <ParameterList id="237" name="domain">
ATS                |              <Parameter docString="" id="229" isDefault="false" isUsed="true" name="region" type="string" value="surface domain"/>
ATS                |              <Parameter docString="" id="230" isDefault="false" isUsed="true" name="component" type="string" value="cell"/>
ATS                |              <ParameterList id="236" name="function">
ATS                |                <ParameterList id="235" name="function-tabular">
ATS                |                  <Parameter docString="" id="231" isDefault="false" isUsed="true" name="file" type="string" value="../data/daymet.h5"/>
ATS                |                  <Parameter docString="" id="232" isDefault="false" isUsed="true" name="x header" type="string" value="time [s]"/>
ATS                |                  <Parameter docString="" id="233" isDefault="false" isUsed="true" name="y header" type="string" value="precipitation rain [m s^-1]"/>
ATS                |                  <Parameter docString="" id="234" isDefault="false" isUsed="true" name="forms" type="string" value="constant"/>
ATS                |                </ParameterList>
ATS                |              </ParameterList>
ATS                |            </ParameterList>
ATS                |          </ParameterList>
ATS                |        </ParameterList>
ATS                |        <ParameterList id="244" name="surface-total_evapotranspiration">
ATS                |          <Parameter docString="" id="240" isDefault="false" isUsed="true" name="evaluator type" type="string" value="column sum evaluator"/>
ATS                |          <Parameter docString="" id="241" isDefault="false" isUsed="true" name="summed key" type="string" value="transpiration"/>
ATS                |          <Parameter docString="" id="242" isDefault="false" isUsed="true" name="divide by density" type="bool" value="true"/>
ATS                |          <Parameter docString="" id="243" isDefault="false" isUsed="true" name="units" type="string" value="m s^-1"/>
ATS                |        </ParameterList>
ATS                |        <ParameterList id="248" name="transpiration">
ATS                |          <Parameter docString="" id="245" isDefault="false" isUsed="true" name="evaluator type" type="string" value="transpiration distribution, rooting depth"/>
ATS                |          <Parameter docString="" id="246" isDefault="false" isUsed="true" name="potential transpiration key" type="string" value="surface-potential_evapotranspiration"/>
ATS                |          <Parameter docString="" id="247" isDefault="false" isUsed="true" name="units" type="string" value="mol m^-3 s^-1"/>
ATS                |        </ParameterList>
ATS                |        <ParameterList id="251" name="plant_wilting_factor">
ATS                |          <Parameter docString="" id="249" isDefault="false" isUsed="true" name="evaluator type" type="string" value="plant wilting factor"/>
ATS                |          <Parameter docString="" id="250" isDefault="false" isUsed="true" name="units" type="string" value="-"/>
ATS                |        </ParameterList>
ATS                |        <ParameterList id="254" name="root_fraction">
ATS                |          <Parameter docString="" id="252" isDefault="false" isUsed="true" name="evaluator type" type="string" value="root fraction"/>
ATS                |          <Parameter docString="" id="253" isDefault="false" isUsed="true" name="units" type="string" value="-"/>
ATS                |        </ParameterList>
ATS                |        <ParameterList id="258" name="depth">
ATS                |          <Parameter docString="" id="255" isDefault="false" isUsed="true" name="constant in time" type="bool" value="true"/>
ATS                |          <Parameter docString="" id="256" isDefault="false" isUsed="true" name="evaluator type" type="string" value="depth"/>
ATS                |          <Parameter docString="" id="257" isDefault="false" isUsed="true" name="units" type="string" value="m"/>
ATS                |        </ParameterList>
ATS                |        <ParameterList id="263" name="water_source">
ATS                |          <Parameter docString="" id="259" isDefault="false" isUsed="true" name="evaluator type" type="string" value="additive evaluator"/>
ATS                |          <Parameter docString="" id="260" isDefault="false" isUsed="true" name="dependencies" type="Array(string)" value="{transpiration}"/>
ATS                |          <Parameter docString="" id="261" isDefault="false" isUsed="true" name="transpiration coefficient" type="double" value="-1.00000000000000000e+00"/>
ATS                |          <Parameter docString="" id="262" isDefault="false" isUsed="true" name="units" type="string" value="mol m^-3 s^-1"/>
ATS                |        </ParameterList>
ATS                |        <ParameterList id="267" name="surface-potential_evapotranspiration">
ATS                |          <Parameter docString="" id="264" isDefault="false" isUsed="true" name="evaluator type" type="string" value="multiplicative evaluator"/>
ATS                |          <Parameter docString="" id="265" isDefault="false" isUsed="true" name="dependencies" type="Array(string)" value="{surface-potential_evapotranspiration_mps, surface-molar_density_liquid}"/>
ATS                |          <Parameter docString="" id="266" isDefault="false" isUsed="true" name="units" type="string" value="mol m^-2 s^-1"/>
ATS                |        </ParameterList>
ATS                |        <ParameterList id="274" name="surface-potential_evapotranspiration_mps">
ATS                |          <Parameter docString="" id="268" isDefault="false" isUsed="true" name="evaluator type" type="string" value="potential evapotranspiration, Priestley-Taylor"/>
ATS                |          <Parameter docString="" id="269" isDefault="false" isUsed="true" name="evaporation type" type="string" value="transpiration"/>
ATS                |          <Parameter docString="" id="270" isDefault="false" isUsed="true" name="air temperature key" type="string" value="surface-air_temperature"/>
ATS                |          <Parameter docString="" id="271" isDefault="false" isUsed="true" name="surface temperature key" type="string" value="surface-temperature"/>
ATS                |          <Parameter docString="" id="272" isDefault="false" isUsed="true" name="net radiation key suffix" type="string" value="shortwave_radiation"/>
ATS                |          <Parameter docString="" id="273" isDefault="false" isUsed="true" name="units" type="string" value="m s^-1"/>
ATS                |        </ParameterList>
ATS                |        <ParameterList id="286" name="surface-air_temperature">
ATS                |          <Parameter docString="" id="275" isDefault="false" isUsed="true" name="evaluator type" type="string" value="independent variable"/>
ATS                |          <Parameter docString="" id="276" isDefault="false" isUsed="true" name="units" type="string" value="K"/>
ATS                |          <ParameterList id="285" name="function">
ATS                |            <ParameterList id="284" name="domain">
ATS                |              <Parameter docString="" id="277" isDefault="false" isUsed="true" name="region" type="string" value="surface domain"/>
ATS                |              <Parameter docString="" id="278" isDefault="false" isUsed="true" name="component" type="string" value="cell"/>
ATS                |              <ParameterList id="283" name="function">
ATS                |                <ParameterList id="282" name="function-tabular">
ATS                |                  <Parameter docString="" id="279" isDefault="false" isUsed="true" name="file" type="string" value="../data/daymet.h5"/>
ATS                |                  <Parameter docString="" id="280" isDefault="false" isUsed="true" name="x header" type="string" value="time [s]"/>
ATS                |                  <Parameter docString="" id="281" isDefault="false" isUsed="true" name="y header" type="string" value="air temperature [K]"/>
ATS                |                </ParameterList>
ATS                |              </ParameterList>
ATS                |            </ParameterList>
ATS                |          </ParameterList>
ATS                |        </ParameterList>
ATS                |        <ParameterList id="305" name="surface-temperature">
ATS                |          <Parameter docString="" id="287" isDefault="false" isUsed="true" name="evaluator type" type="string" value="independent variable"/>
ATS                |          <Parameter docString="" id="288" isDefault="false" isUsed="true" name="units" type="string" value="K"/>
ATS                |          <ParameterList id="304" name="function">
ATS                |            <ParameterList id="303" name="domain">
ATS                |              <Parameter docString="" id="289" isDefault="false" isUsed="true" name="region" type="string" value="surface domain"/>
ATS                |              <Parameter docString="" id="290" isDefault="false" isUsed="true" name="component" type="string" value="cell"/>
ATS                |              <ParameterList id="302" name="function">
ATS                |                <ParameterList id="301" name="function-composition">
ATS                |                  <ParameterList id="295" name="function2">
ATS                |                    <ParameterList id="294" name="function-linear">
ATS                |                      <Parameter docString="" id="291" isDefault="false" isUsed="true" name="x0" type="Array(double)" value="{8.64000000000000000e+04, 0.00000000000000000e+00, 0.00000000000000000e+00}"/>
ATS                |                      <Parameter docString="" id="292" isDefault="false" isUsed="true" name="y0" type="double" value="0.00000000000000000e+00"/>
ATS                |                      <Parameter docString="" id="293" isDefault="false" isUsed="true" name="gradient" type="Array(double)" value="{1.00000000000000000e+00, 0.00000000000000000e+00, 0.00000000000000000e+00}"/>
ATS                |                    </ParameterList>
ATS                |                  </ParameterList>
ATS                |                  <ParameterList id="300" name="function1">
ATS                |                    <ParameterList id="299" name="function-tabular">
ATS                |                      <Parameter docString="" id="296" isDefault="false" isUsed="true" name="file" type="string" value="../data/daymet.h5"/>
ATS                |                      <Parameter docString="" id="297" isDefault="false" isUsed="true" name="x header" type="string" value="time [s]"/>
ATS                |                      <Parameter docString="" id="298" isDefault="false" isUsed="true" name="y header" type="string" value="air temperature [K]"/>
ATS                |                    </ParameterList>
ATS                |                  </ParameterList>
ATS                |                </ParameterList>
ATS                |              </ParameterList>
ATS                |            </ParameterList>
ATS                |          </ParameterList>
ATS                |        </ParameterList>
ATS                |        <ParameterList id="317" name="surface-vapor_pressure_air">
ATS                |          <Parameter docString="" id="306" isDefault="false" isUsed="true" name="evaluator type" type="string" value="independent variable"/>
ATS                |          <Parameter docString="" id="307" isDefault="false" isUsed="true" name="units" type="string" value="-"/>
ATS                |          <ParameterList id="316" name="function">
ATS                |            <ParameterList id="315" name="domain">
ATS                |              <Parameter docString="" id="308" isDefault="false" isUsed="true" name="region" type="string" value="surface domain"/>
ATS                |              <Parameter docString="" id="309" isDefault="false" isUsed="true" name="component" type="string" value="cell"/>
ATS                |              <ParameterList id="314" name="function">
ATS                |                <ParameterList id="313" name="function-tabular">
ATS                |                  <Parameter docString="" id="310" isDefault="false" isUsed="true" name="file" type="string" value="../data/daymet.h5"/>
ATS                |                  <Parameter docString="" id="311" isDefault="false" isUsed="true" name="x header" type="string" value="time [s]"/>
ATS                |                  <Parameter docString="" id="312" isDefault="false" isUsed="true" name="y header" type="string" value="vapor pressure air [Pa]"/>
ATS                |                </ParameterList>
ATS                |              </ParameterList>
ATS                |            </ParameterList>
ATS                |          </ParameterList>
ATS                |        </ParameterList>
ATS                |        <ParameterList id="329" name="surface-shortwave_radiation">
ATS                |          <Parameter docString="" id="318" isDefault="false" isUsed="true" name="evaluator type" type="string" value="independent variable"/>
ATS                |          <Parameter docString="" id="319" isDefault="false" isUsed="true" name="units" type="string" value="W m^-2"/>
ATS                |          <ParameterList id="328" name="function">
ATS                |            <ParameterList id="327" name="domain">
ATS                |              <Parameter docString="" id="320" isDefault="false" isUsed="true" name="region" type="string" value="surface domain"/>
ATS                |              <Parameter docString="" id="321" isDefault="false" isUsed="true" name="component" type="string" value="cell"/>
ATS                |              <ParameterList id="326" name="function">
ATS                |                <ParameterList id="325" name="function-tabular">
ATS                |                  <Parameter docString="" id="322" isDefault="false" isUsed="true" name="file" type="string" value="../data/daymet.h5"/>
ATS                |                  <Parameter docString="" id="323" isDefault="false" isUsed="true" name="x header" type="string" value="time [s]"/>
ATS                |                  <Parameter docString="" id="324" isDefault="false" isUsed="true" name="y header" type="string" value="incoming shortwave radiation [W m^-2]"/>
ATS                |                </ParameterList>
ATS                |              </ParameterList>
ATS                |            </ParameterList>
ATS                |          </ParameterList>
ATS                |        </ParameterList>
ATS                |        <ParameterList id="333" name="surface-manning_coefficient">
ATS                |          <Parameter docString="" id="330" isDefault="false" isUsed="true" name="evaluator type" type="string" value="independent variable constant"/>
ATS                |          <Parameter docString="" id="331" isDefault="false" isUsed="true" name="value" type="double" value="1.00000000000000000e+00"/>
ATS                |          <Parameter docString="" id="332" isDefault="false" isUsed="true" name="units" type="string" value="-"/>
ATS                |        </ParameterList>
ATS                |        <ParameterList id="337" name="base_porosity">
ATS                |          <Parameter docString="" id="334" isDefault="false" isUsed="true" name="evaluator type" type="string" value="independent variable constant"/>
ATS                |          <Parameter docString="" id="335" isDefault="false" isUsed="true" name="value" type="double" value="4.00000000000000022e-01"/>
ATS                |          <Parameter docString="" id="336" isDefault="false" isUsed="true" name="units" type="string" value="-"/>
ATS                |        </ParameterList>
ATS                |        <ParameterList id="344" name="porosity">
ATS                |          <Parameter docString="" id="338" isDefault="false" isUsed="true" name="evaluator type" type="string" value="compressible porosity"/>
ATS                |          <Parameter docString="" id="339" isDefault="false" isUsed="true" name="units" type="string" value="-"/>
ATS                |          <ParameterList id="343" name="compressible porosity model parameters">
ATS                |            <ParameterList id="342" name="computational domain">
ATS                |              <Parameter docString="" id="340" isDefault="false" isUsed="true" name="region" type="string" value="computational domain"/>
ATS                |              <Parameter docString="" id="341" isDefault="false" isUsed="true" name="pore compressibility [Pa^-1]" type="double" value="1.00000000000000002e-08"/>
ATS                |            </ParameterList>
ATS                |          </ParameterList>
ATS                |        </ParameterList>
ATS                |        <ParameterList id="356" name="permeability">
ATS                |          <Parameter docString="" id="345" isDefault="false" isUsed="true" name="evaluator type" type="string" value="independent variable tensor"/>
ATS                |          <Parameter docString="" id="346" isDefault="false" isUsed="true" name="value" type="double" value="9.99999999999999980e-13"/>
ATS                |          <Parameter docString="" id="347" isDefault="false" isUsed="true" name="units" type="string" value="m^2"/>
ATS                |          <ParameterList id="354" name="function">
ATS                |            <ParameterList id="353" name="domain">
ATS                |              <Parameter docString="" id="348" isDefault="false" isUsed="true" name="region" type="string" value="computational domain"/>
ATS                |              <Parameter docString="" id="349" isDefault="false" isUsed="true" name="component" type="string" value="cell"/>
ATS                |              <ParameterList id="352" name="function">
ATS                |                <ParameterList id="351" name="function-constant">
ATS                |                  <Parameter docString="" id="350" isDefault="false" isUsed="true" name="value" type="double" value="9.99999999999999980e-13"/>
ATS                |                </ParameterList>
ATS                |              </ParameterList>
ATS                |            </ParameterList>
ATS                |          </ParameterList>
ATS                |          <Parameter docString="" id="355" isDefault="false" isUsed="true" name="tensor type" type="string" value="scalar"/>
ATS                |        </ParameterList>
ATS                |        <ParameterList id="360" name="surface-relative_permeability">
ATS                |          <Parameter docString="" id="357" isDefault="false" isUsed="true" name="evaluator type" type="string" value="independent variable constant"/>
ATS                |          <Parameter docString="" id="358" isDefault="false" isUsed="true" name="value" type="double" value="1.00000000000000000e+00"/>
ATS                |          <Parameter docString="" id="359" isDefault="false" isUsed="true" name="units" type="string" value="-"/>
ATS                |        </ParameterList>
ATS                |        <ParameterList id="363" name="mass_density_liquid">
ATS                |          <Parameter docString="" id="361" isDefault="false" isUsed="true" name="evaluator type" type="string" value="independent variable constant"/>
ATS                |          <Parameter docString="" id="362" isDefault="false" isUsed="true" name="value" type="double" value="1.00000000000000000e+03"/>
ATS                |        </ParameterList>
ATS                |        <ParameterList id="366" name="molar_density_liquid">
ATS                |          <Parameter docString="" id="364" isDefault="false" isUsed="true" name="evaluator type" type="string" value="independent variable constant"/>
ATS                |          <Parameter docString="" id="365" isDefault="false" isUsed="true" name="value" type="double" value="5.50000000000000000e+04"/>
ATS                |        </ParameterList>
ATS                |        <ParameterList id="369" name="viscosity_liquid">
ATS                |          <Parameter docString="" id="367" isDefault="false" isUsed="true" name="evaluator type" type="string" value="independent variable constant"/>
ATS                |          <Parameter docString="" id="368" isDefault="false" isUsed="true" name="value" type="double" value="8.89999999999999949e-04"/>
ATS                |        </ParameterList>
ATS                |        <ParameterList id="372" name="surface-molar_density_liquid">
ATS                |          <Parameter docString="" id="370" isDefault="false" isUsed="true" name="evaluator type" type="string" value="independent variable constant"/>
ATS                |          <Parameter docString="" id="371" isDefault="false" isUsed="true" name="value" type="double" value="5.50000000000000000e+04"/>
ATS                |        </ParameterList>
ATS                |        <ParameterList id="375" name="surface-mass_density_liquid">
ATS                |          <Parameter docString="" id="373" isDefault="false" isUsed="true" name="evaluator type" type="string" value="independent variable constant"/>
ATS                |          <Parameter docString="" id="374" isDefault="false" isUsed="true" name="value" type="double" value="1.00000000000000000e+03"/>
ATS                |        </ParameterList>
ATS                |        <ParameterList id="378" name="surface-source_molar_density">
ATS                |          <Parameter docString="" id="376" isDefault="false" isUsed="true" name="evaluator type" type="string" value="independent variable constant"/>
ATS                |          <Parameter docString="" id="377" isDefault="false" isUsed="true" name="value" type="double" value="5.50000000000000000e+04"/>
ATS                |        </ParameterList>
ATS                |        <ParameterList id="384" name="surface-overland_conductivity">
ATS                |          <Parameter docString="" id="379" isDefault="false" isUsed="true" name="evaluator type" type="string" value="overland conductivity"/>
ATS                |          <ParameterList id="383" name="overland conductivity model">
ATS                |            <Parameter docString="" id="380" isDefault="false" isUsed="true" name="overland conductivity type " type="string" value="manning"/>
ATS                |            <Parameter docString="" id="381" isDefault="false" isUsed="true" name="Manning exponent" type="double" value="6.66666670000000017e-01"/>
ATS                |            <Parameter docString="" id="382" isDefault="false" isUsed="true" name="slope regularization epsilon" type="double" value="1.00000000000000002e-02"/>
ATS                |          </ParameterList>
ATS                |        </ParameterList>
ATS                |        <ParameterList id="388" name="snow-expected_temperature">
ATS                |          <Parameter docString="" id="385" isDefault="false" isUsed="true" name="evaluator type" type="string" value="additive evaluator"/>
ATS                |          <Parameter docString="" id="386" isDefault="false" isUsed="true" name="dependencies" type="Array(string)" value="{surface-air_temperature}"/>
ATS                |          <Parameter docString="" id="387" isDefault="false" isUsed="true" name="constant shift" type="double" value="-3.00000000000000000e+00"/>
ATS                |        </ParameterList>
ATS                |        <ParameterList id="401" name="snow-temperature">
ATS                |          <Parameter docString="" id="389" isDefault="false" isUsed="true" name="evaluator type" type="string" value="secondary variable from function"/>
ATS                |          <Parameter docString="" id="390" isDefault="false" isUsed="true" name="dependencies" type="Array(string)" value="{snow-expected_temperature}"/>
ATS                |          <ParameterList id="400" name="function">
ATS                |            <Parameter docString="" id="391" isDefault="false" isUsed="true" name="function type" type="string" value="composition"/>
ATS                |            <ParameterList id="395" name="function1">
ATS                |              <Parameter docString="" id="392" isDefault="false" isUsed="true" name="function type" type="string" value="linear"/>
ATS                |              <Parameter docString="" id="393" isDefault="false" isUsed="true" name="gradient" type="Array(double)" value="{1.00000000000000000e+00}"/>
ATS                |              <Parameter docString="" id="394" isDefault="false" isUsed="true" name="y0" type="double" value="2.73149999999999977e+02"/>
ATS                |            </ParameterList>
ATS                |            <ParameterList id="399" name="function2">
ATS                |              <Parameter docString="" id="396" isDefault="false" isUsed="true" name="function type" type="string" value="standard math"/>
ATS                |              <Parameter docString="" id="397" isDefault="false" isUsed="true" name="operator" type="string" value="negative"/>
ATS                |              <Parameter docString="" id="398" isDefault="false" isUsed="true" name="shift" type="double" value="2.73149999999999977e+02"/>
ATS                |            </ParameterList>
ATS                |          </ParameterList>
ATS                |        </ParameterList>
ATS                |        <ParameterList id="405" name="canopy-temperature">
ATS                |          <Parameter docString="" id="402" isDefault="false" isUsed="true" name="evaluator type" type="string" value="additive evaluator"/>
ATS                |          <Parameter docString="" id="403" isDefault="false" isUsed="true" name="dependencies" type="Array(string)" value="{surface-air_temperature}"/>
ATS                |          <Parameter docString="" id="404" isDefault="false" isUsed="true" name="constant shift" type="double" value="-1.50000000000000000e+00"/>
ATS                |        </ParameterList>
ATS                |        <ParameterList id="410" name="relative_permeability">
ATS                |          <Parameter docString="" id="406" isDefault="false" isUsed="true" name="evaluator type" type="string" value="relative permeability, water retention model"/>
ATS                |          <Parameter docString="" id="407" isDefault="false" isUsed="true" name="model parameters" type="string" value="WRM parameters"/>
ATS                |          <Parameter docString="" id="408" isDefault="false" isUsed="true" name="minimum rel perm cutoff" type="double" value="0.00000000000000000e+00"/>
ATS                |          <Parameter docString="" id="409" isDefault="false" isUsed="true" name="use surface rel perm" type="bool" value="true"/>
ATS                |        </ParameterList>
ATS                |        <ParameterList id="413" name="saturation_liquid">
ATS                |          <Parameter docString="" id="411" isDefault="false" isUsed="true" name="model parameters" type="string" value="WRM parameters"/>
ATS                |          <Parameter docString="" id="412" isDefault="false" isUsed="true" name="evaluator type" type="string" value="water retention model"/>
ATS                |        </ParameterList>
ATS                |        <ParameterList id="416" name="saturation_gas">
ATS                |          <Parameter docString="" id="414" isDefault="false" isUsed="true" name="model parameters" type="string" value="WRM parameters"/>
ATS                |          <Parameter docString="" id="415" isDefault="false" isUsed="true" name="evaluator type" type="string" value="water retention model"/>
ATS                |        </ParameterList>
ATS                |      </ParameterList>
ATS                |      <ParameterList id="422" name="initial conditions">
ATS                |        <ParameterList id="419" name="atmospheric_pressure">
ATS                |          <Parameter docString="" id="418" isDefault="false" isUsed="true" name="value" type="double" value="1.01325000000000000e+05"/>
ATS                |        </ParameterList>
ATS                |        <ParameterList id="421" name="gravity">
ATS                |          <Parameter docString="" id="420" isDefault="false" isUsed="true" name="value" type="Array(double)" value="{0.00000000000000000e+00, 0.00000000000000000e+00, -9.80664999999999942e+00}"/>
ATS                |        </ParameterList>
ATS                |      </ParameterList>
ATS                |      <ParameterList id="441" name="model parameters">
ATS                |        <ParameterList id="429" name="WRM parameters">
ATS                |          <ParameterList id="428" name="computation domain">
ATS                |            <Parameter docString="" id="423" isDefault="false" isUsed="true" name="region" type="string" value="computation domain"/>
ATS                |            <Parameter docString="" id="424" isDefault="false" isUsed="true" name="wrm type" type="string" value="van Genuchten"/>
ATS                |            <Parameter docString="" id="425" isDefault="false" isUsed="true" name="van Genuchten alpha [Pa^-1]" type="double" value="1.00000000000000005e-04"/>
ATS                |            <Parameter docString="" id="426" isDefault="false" isUsed="true" name="van Genuchten n [-]" type="double" value="3.00000000000000000e+00"/>
ATS                |            <Parameter docString="" id="427" isDefault="false" isUsed="true" name="residual saturation [-]" type="double" value="1.00000000000000006e-01"/>
ATS                |          </ParameterList>
ATS                |        </ParameterList>
ATS                |        <ParameterList id="440" name="land cover types">
ATS                |          <ParameterList id="439" name="surface domain">
ATS                |            <Parameter docString="" id="430" isDefault="false" isUsed="true" name="snow transition depth [m]" type="double" value="2.00000000000000004e-02"/>
ATS                |            <Parameter docString="" id="431" isDefault="false" isUsed="true" name="leaf on time [doy]" type="double" value="1.01000000000000000e+02"/>
ATS                |            <Parameter docString="" id="432" isDefault="false" isUsed="true" name="leaf off time [doy]" type="double" value="2.54000000000000000e+02"/>
ATS                |            <Parameter docString="" id="433" isDefault="false" isUsed="true" name="rooting depth max [m]" type="double" value="2.00000000000000000e+00"/>
ATS                |            <Parameter docString="" id="434" isDefault="false" isUsed="true" name="rooting profile alpha [-]" type="double" value="7.00000000000000000e+00"/>
ATS                |            <Parameter docString="" id="435" isDefault="false" isUsed="true" name="rooting profile beta [-]" type="double" value="1.75000000000000000e+00"/>
ATS                |            <Parameter docString="" id="436" isDefault="false" isUsed="true" name="capillary pressure at fully closed stomata [Pa]" type="double" value="2.55000000000000000e+06"/>
ATS                |            <Parameter docString="" id="437" isDefault="false" isUsed="true" name="capillary pressure at fully open stomata [Pa]" type="double" value="3.50000000000000000e+05"/>
ATS                |            <Parameter docString="" id="438" isDefault="false" isUsed="true" name="Priestley-Taylor alpha of transpiration [-]" type="double" value="1.26000000000000001e+00"/>
ATS                |          </ParameterList>
ATS                |        </ParameterList>
ATS                |      </ParameterList>
ATS                |    </ParameterList>
ATS                |    <ParameterList id="451" name="visualization">
ATS                |      <ParameterList id="446" name="domain">
ATS                |        <Parameter docString="" id="443" isDefault="false" isUsed="true" name="times start period stop" type="Array(double)" value="{0.00000000000000000e+00, 1.00000000000000000e+00, -1.00000000000000000e+00}"/>
ATS                |        <Parameter docString="" id="444" isDefault="false" isUsed="true" name="times start period stop units" type="string" value="d"/>
ATS                |        <Parameter docString="" id="445" isDefault="false" isUsed="true" name="time units" type="string" value="d"/>
ATS                |      </ParameterList>
ATS                |      <ParameterList id="450" name="surface">
ATS                |        <Parameter docString="" id="447" isDefault="false" isUsed="true" name="times start period stop" type="Array(double)" value="{0.00000000000000000e+00, 1.00000000000000000e+00, -1.00000000000000000e+00}"/>
ATS                |        <Parameter docString="" id="448" isDefault="false" isUsed="true" name="times start period stop units" type="string" value="d"/>
ATS                |        <Parameter docString="" id="449" isDefault="false" isUsed="true" name="time units" type="string" value="d"/>
ATS                |      </ParameterList>
ATS                |    </ParameterList>
ATS                |    <ParameterList id="455" name="checkpoint">
ATS                |      <Parameter docString="" id="452" isDefault="false" isUsed="true" name="times start period stop" type="Array(double)" value="{0.00000000000000000e+00, 1.00000000000000000e+01, -1.00000000000000000e+00}"/>
ATS                |      <Parameter docString="" id="453" isDefault="false" isUsed="true" name="times start period stop units" type="string" value="d"/>
ATS                |      <Parameter docString="" id="454" isDefault="false" isUsed="true" name="time units" type="string" value="d"/>
ATS                |    </ParameterList>
ATS                |    <ParameterList id="509" name="observations">
ATS                |      <ParameterList id="508" name="fluxes">
ATS                |        <Parameter docString="" id="456" isDefault="false" isUsed="true" name="observation output filename" type="string" value="water_balance.dat"/>
ATS                |        <Parameter docString="" id="457" isDefault="false" isUsed="true" name="write interval" type="int" value="10"/>
ATS                |        <Parameter docString="" id="458" isDefault="false" isUsed="true" name="time units" type="string" value="d"/>
ATS                |        <Parameter docString="" id="459" isDefault="false" isUsed="true" name="times start period stop" type="Array(double)" value="{0.00000000000000000e+00, 1.00000000000000000e+00, -1.00000000000000000e+00}"/>
ATS                |        <Parameter docString="" id="460" isDefault="false" isUsed="true" name="times start period stop units" type="string" value="d"/>
ATS                |        <ParameterList id="507" name="observed quantities">
ATS                |          <ParameterList id="467" name="runoff generation [mol d^-1]">
ATS                |            <Parameter docString="" id="461" isDefault="false" isUsed="true" name="variable" type="string" value="surface-water_flux"/>
ATS                |            <Parameter docString="" id="462" isDefault="false" isUsed="true" name="direction normalized flux" type="bool" value="true"/>
ATS                |            <Parameter docString="" id="463" isDefault="false" isUsed="true" name="region" type="string" value="outlet"/>
ATS                |            <Parameter docString="" id="464" isDefault="false" isUsed="true" name="functional" type="string" value="extensive integral"/>
ATS                |            <Parameter docString="" id="465" isDefault="false" isUsed="true" name="location name" type="string" value="face"/>
ATS                |            <Parameter docString="" id="466" isDefault="false" isUsed="true" name="time integrated" type="bool" value="true"/>
ATS                |          </ParameterList>
ATS                |          <ParameterList id="473" name="evapotranspiration [m d^-1]">
ATS                |            <Parameter docString="" id="468" isDefault="false" isUsed="true" name="variable" type="string" value="surface-total_evapotranspiration"/>
ATS                |            <Parameter docString="" id="469" isDefault="false" isUsed="true" name="region" type="string" value="surface domain"/>
ATS                |            <Parameter docString="" id="470" isDefault="false" isUsed="true" name="functional" type="string" value="average"/>
ATS                |            <Parameter docString="" id="471" isDefault="false" isUsed="true" name="location name" type="string" value="cell"/>
ATS                |            <Parameter docString="" id="472" isDefault="false" isUsed="true" name="time integrated" type="bool" value="true"/>
ATS                |          </ParameterList>
ATS                |          <ParameterList id="479" name="snow precipitation [m d^-1]">
ATS                |            <Parameter docString="" id="474" isDefault="false" isUsed="true" name="variable" type="string" value="snow-precipitation"/>
ATS                |            <Parameter docString="" id="475" isDefault="false" isUsed="true" name="region" type="string" value="surface domain"/>
ATS                |            <Parameter docString="" id="476" isDefault="false" isUsed="true" name="functional" type="string" value="average"/>
ATS                |            <Parameter docString="" id="477" isDefault="false" isUsed="true" name="location name" type="string" value="cell"/>
ATS                |            <Parameter docString="" id="478" isDefault="false" isUsed="true" name="time integrated" type="bool" value="true"/>
ATS                |          </ParameterList>
ATS                |          <ParameterList id="485" name="snow melt [m d^-1]">
ATS                |            <Parameter docString="" id="480" isDefault="false" isUsed="true" name="variable" type="string" value="snow-melt"/>
ATS                |            <Parameter docString="" id="481" isDefault="false" isUsed="true" name="region" type="string" value="surface domain"/>
ATS                |            <Parameter docString="" id="482" isDefault="false" isUsed="true" name="functional" type="string" value="average"/>
ATS                |            <Parameter docString="" id="483" isDefault="false" isUsed="true" name="location name" type="string" value="cell"/>
ATS                |            <Parameter docString="" id="484" isDefault="false" isUsed="true" name="time integrated" type="bool" value="true"/>
ATS                |          </ParameterList>
ATS                |          <ParameterList id="491" name="rain precipitation [m d^-1]">
ATS                |            <Parameter docString="" id="486" isDefault="false" isUsed="true" name="variable" type="string" value="surface-precipitation_rain"/>
ATS                |            <Parameter docString="" id="487" isDefault="false" isUsed="true" name="region" type="string" value="surface domain"/>
ATS                |            <Parameter docString="" id="488" isDefault="false" isUsed="true" name="functional" type="string" value="average"/>
ATS                |            <Parameter docString="" id="489" isDefault="false" isUsed="true" name="location name" type="string" value="cell"/>
ATS                |            <Parameter docString="" id="490" isDefault="false" isUsed="true" name="time integrated" type="bool" value="true"/>
ATS                |          </ParameterList>
ATS                |          <ParameterList id="496" name="surface water content [mol]">
ATS                |            <Parameter docString="" id="492" isDefault="false" isUsed="true" name="variable" type="string" value="surface-water_content"/>
ATS                |            <Parameter docString="" id="493" isDefault="false" isUsed="true" name="region" type="string" value="surface domain"/>
ATS                |            <Parameter docString="" id="494" isDefault="false" isUsed="true" name="functional" type="string" value="extensive integral"/>
ATS                |            <Parameter docString="" id="495" isDefault="false" isUsed="true" name="location name" type="string" value="cell"/>
ATS                |          </ParameterList>
ATS                |          <ParameterList id="501" name="subsurface water content [mol]">
ATS                |            <Parameter docString="" id="497" isDefault="false" isUsed="true" name="variable" type="string" value="water_content"/>
ATS                |            <Parameter docString="" id="498" isDefault="false" isUsed="true" name="region" type="string" value="computational domain"/>
ATS                |            <Parameter docString="" id="499" isDefault="false" isUsed="true" name="functional" type="string" value="extensive integral"/>
ATS                |            <Parameter docString="" id="500" isDefault="false" isUsed="true" name="location name" type="string" value="cell"/>
ATS                |          </ParameterList>
ATS                |          <ParameterList id="506" name="snow water content [mol]">
ATS                |            <Parameter docString="" id="502" isDefault="false" isUsed="true" name="variable" type="string" value="snow-water_content"/>
ATS                |            <Parameter docString="" id="503" isDefault="false" isUsed="true" name="region" type="string" value="surface domain"/>
ATS                |            <Parameter docString="" id="504" isDefault="false" isUsed="true" name="functional" type="string" value="extensive integral"/>
ATS                |            <Parameter docString="" id="505" isDefault="false" isUsed="true" name="location name" type="string" value="cell"/>
ATS                |          </ParameterList>
ATS                |        </ParameterList>
ATS                |      </ParameterList>
ATS                |    </ParameterList>
ATS                |    <ParameterList id="512" name="VerboseObject">
ATS                |      <Parameter docString="" id="510" isDefault="true" isUsed="true" name="Output File" type="string" value="none"/>
ATS                |      <Parameter docString="" id="511" isDefault="true" isUsed="true" name="Verbosity Level" type="string" value="default"/>
ATS                |    </ParameterList>
ATS                |    <Validators/>
ATS                |  </ParameterList>
ATS                |  
ATS                |    ... completed.
ATS                |  ================================================================================
ATS                |  Beginning mesh creation stage...
================================================================================

                      TimeMonitor results over 1 processor

Timer Name            Global time (num calls)    
--------------------------------------------------------------------------------
0: create mesh        0 (1)                      
1: create run         0 (0)                      
2: setup              0 (0)                      
3: initialize         0 (0)                      
4: solve              0 (0)                      
4a: advance step      0 (0)                      
4b: visualize         0 (0)                      
4c: observe           0 (0)                      
4d: checkpoint        0 (0)                      
5: finalize           0 (0)                      
--------------------------------------------------------------------------------
wallclock duration    0 (1)                      
================================================================================
ATS                |    ... completed: 0.134824 / 0.134824 / 0.134824 (min/mean/max) [s]
ATS                |  ================================================================================
ATS                |  Beginning run creation stage...
ATS                |    ... completed: 0.0191225 / 0.0191225 / 0.0191225 (min/mean/max) [s]
ATS                |  ================================================================================
ATS                |  Beginning setup stage...
ATS                |    ... completed: 0.139334 / 0.139334 / 0.139334 (min/mean/max) [s]
ATS                |  ================================================================================
ATS                |  Beginning initialize stage...
State              |  initializing data through initial conditions...
terminate called after throwing an instance of 'Errors::Message'
  what():  Cannot find region of name "computation domain" in the geometric model.
